// Jest Snapshot v1, https://goo.gl/fbAQLP

exports[`DecButton should render a button 1`] = `"<button>decrement</button>"`;
