// Jest Snapshot v1, https://goo.gl/fbAQLP

exports[`IncButton should render a button 1`] = `"<button>increment</button>"`;
