// Jest Snapshot v1, https://goo.gl/fbAQLP

exports[`Count should render a value 1`] = `
<h1>
  Counter: 
  9
</h1>
`;
